<!DOCTYPE html PUBLIC "-//W3C//DTD XHTML 1.0 Transitional//EN" "http://www.w3.org/TR/xhtml1/DTD/xhtml1-transitional.dtd">
<html xmlns="http://www.w3.org/1999/xhtml" xml:lang="en" lang="en">
<head><meta http-equiv="content-type" content="text/html; charset=UTF-8" />
<title>Junk8.tree xref</title>
<link type="text/css" rel="stylesheet" href="../stylesheet.css" />
</head>
<body>
<pre>
<a class="jxr_linenumber" name="L1" href="#L1">1</a>   CLASS_DEF -&gt; CLASS_DEF [1:0]
<a class="jxr_linenumber" name="L2" href="#L2">2</a>   |--MODIFIERS -&gt; MODIFIERS [1:0]
<a class="jxr_linenumber" name="L3" href="#L3">3</a>   |   `--LITERAL_PUBLIC -&gt; <strong class="jxr_keyword">public</strong> [1:0]
<a class="jxr_linenumber" name="L4" href="#L4">4</a>   |--LITERAL_CLASS -&gt; <strong class="jxr_keyword">class</strong> [1:7]
<a class="jxr_linenumber" name="L5" href="#L5">5</a>   |--IDENT -&gt; Junk1 [1:13]
<a class="jxr_linenumber" name="L6" href="#L6">6</a>   `--OBJBLOCK -&gt; OBJBLOCK [1:19]
<a class="jxr_linenumber" name="L7" href="#L7">7</a>       |--LCURLY -&gt; { [1:19]
<a class="jxr_linenumber" name="L8" href="#L8">8</a>       |--VARIABLE_DEF -&gt; VARIABLE_DEF [2:4]
<a class="jxr_linenumber" name="L9" href="#L9">9</a>       |   |--MODIFIERS -&gt; MODIFIERS [2:4]
<a class="jxr_linenumber" name="L10" href="#L10">10</a>      |   |   `--LITERAL_PUBLIC -&gt; <strong class="jxr_keyword">public</strong> [2:4]
<a class="jxr_linenumber" name="L11" href="#L11">11</a>      |   |--TYPE -&gt; TYPE [2:11]
<a class="jxr_linenumber" name="L12" href="#L12">12</a>      |   |   `--LITERAL_BOOLEAN -&gt; <strong class="jxr_keyword">boolean</strong> [2:11]
<a class="jxr_linenumber" name="L13" href="#L13">13</a>      |   |--IDENT -&gt; mybool [2:19]
<a class="jxr_linenumber" name="L14" href="#L14">14</a>      |   `--SEMI -&gt; ; [2:25]
<a class="jxr_linenumber" name="L15" href="#L15">15</a>      |--METHOD_DEF -&gt; METHOD_DEF [3:4]
<a class="jxr_linenumber" name="L16" href="#L16">16</a>      |   |--MODIFIERS -&gt; MODIFIERS [3:4]
<a class="jxr_linenumber" name="L17" href="#L17">17</a>      |   |   |--LITERAL_PUBLIC -&gt; <strong class="jxr_keyword">public</strong> [3:4]
<a class="jxr_linenumber" name="L18" href="#L18">18</a>      |   |   `--LITERAL_STATIC -&gt; <strong class="jxr_keyword">static</strong> [3:11]
<a class="jxr_linenumber" name="L19" href="#L19">19</a>      |   |--TYPE -&gt; TYPE [3:18]
<a class="jxr_linenumber" name="L20" href="#L20">20</a>      |   |   `--LITERAL_VOID -&gt; <strong class="jxr_keyword">void</strong> [3:18]
<a class="jxr_linenumber" name="L21" href="#L21">21</a>      |   |--IDENT -&gt; main [3:23]
<a class="jxr_linenumber" name="L22" href="#L22">22</a>      |   |--LPAREN -&gt; ( [3:28]
<a class="jxr_linenumber" name="L23" href="#L23">23</a>      |   |--PARAMETERS -&gt; PARAMETERS [3:29]
<a class="jxr_linenumber" name="L24" href="#L24">24</a>      |   |   `--PARAMETER_DEF -&gt; PARAMETER_DEF [3:29]
<a class="jxr_linenumber" name="L25" href="#L25">25</a>      |   |       |--MODIFIERS -&gt; MODIFIERS [3:29]
<a class="jxr_linenumber" name="L26" href="#L26">26</a>      |   |       |--TYPE -&gt; TYPE [3:29]
<a class="jxr_linenumber" name="L27" href="#L27">27</a>      |   |       |   |--IDENT -&gt; String [3:29]
<a class="jxr_linenumber" name="L28" href="#L28">28</a>      |   |       |   `--ARRAY_DECLARATOR -&gt; [ [3:35]
<a class="jxr_linenumber" name="L29" href="#L29">29</a>      |   |       |       `--RBRACK -&gt; ] [3:36]
<a class="jxr_linenumber" name="L30" href="#L30">30</a>      |   |       `--IDENT -&gt; args [3:38]
<a class="jxr_linenumber" name="L31" href="#L31">31</a>      |   |--RPAREN -&gt; ) [3:42]
<a class="jxr_linenumber" name="L32" href="#L32">32</a>      |   `--SLIST -&gt; { [3:44]
<a class="jxr_linenumber" name="L33" href="#L33">33</a>      |       |--EXPR -&gt; EXPR [4:19]
<a class="jxr_linenumber" name="L34" href="#L34">34</a>      |       |   `--METHOD_CALL -&gt; ( [4:19]
<a class="jxr_linenumber" name="L35" href="#L35">35</a>      |       |       |--DOT -&gt; . [4:11]
<a class="jxr_linenumber" name="L36" href="#L36">36</a>      |       |       |   |--DOT -&gt; . [4:7]
<a class="jxr_linenumber" name="L37" href="#L37">37</a>      |       |       |   |   |--IDENT -&gt; System [4:1]
<a class="jxr_linenumber" name="L38" href="#L38">38</a>      |       |       |   |   `--IDENT -&gt; out [4:8]
<a class="jxr_linenumber" name="L39" href="#L39">39</a>      |       |       |   `--IDENT -&gt; println [4:12]
<a class="jxr_linenumber" name="L40" href="#L40">40</a>      |       |       |--ELIST -&gt; ELIST [4:20]
<a class="jxr_linenumber" name="L41" href="#L41">41</a>      |       |       |   `--EXPR -&gt; EXPR [4:20]
<a class="jxr_linenumber" name="L42" href="#L42">42</a>      |       |       |       `--STRING_LITERAL -&gt; <span class="jxr_string">"I have\ta tab"</span> [4:20]
<a class="jxr_linenumber" name="L43" href="#L43">43</a>      |       |       `--RPAREN -&gt; ) [4:34]
<a class="jxr_linenumber" name="L44" href="#L44">44</a>      |       |--SEMI -&gt; ; [4:35]
<a class="jxr_linenumber" name="L45" href="#L45">45</a>      |       |--SINGLE_LINE_COMMENT -&gt; <em class="jxr_comment">// [5:1]</em>
<a class="jxr_linenumber" name="L46" href="#L46">46</a>      |       |   `--COMMENT_CONTENT -&gt; \tHere is a comment with an embedded tab\r\n [5:3]
<a class="jxr_linenumber" name="L47" href="#L47">47</a>      |       |--LITERAL_IF -&gt; <strong class="jxr_keyword">if</strong> [6:1]
<a class="jxr_linenumber" name="L48" href="#L48">48</a>      |       |   |--LPAREN -&gt; ( [6:4]
<a class="jxr_linenumber" name="L49" href="#L49">49</a>      |       |   |--EXPR -&gt; EXPR [6:5]
<a class="jxr_linenumber" name="L50" href="#L50">50</a>      |       |   |   `--IDENT -&gt; mybool [6:5]
<a class="jxr_linenumber" name="L51" href="#L51">51</a>      |       |   |--RPAREN -&gt; ) [6:11]
<a class="jxr_linenumber" name="L52" href="#L52">52</a>      |       |   `--SLIST -&gt; { [6:13]
<a class="jxr_linenumber" name="L53" href="#L53">53</a>      |       |       |--VARIABLE_DEF -&gt; VARIABLE_DEF [8:15]
<a class="jxr_linenumber" name="L54" href="#L54">54</a>      |       |       |   |--MODIFIERS -&gt; MODIFIERS [8:15]
<a class="jxr_linenumber" name="L55" href="#L55">55</a>      |       |       |   |--TYPE -&gt; TYPE [8:15]
<a class="jxr_linenumber" name="L56" href="#L56">56</a>      |       |       |   |   |--BLOCK_COMMENT_BEGIN -&gt; <em class="jxr_comment">/* [6:15]</em>
<a class="jxr_linenumber" name="L57" href="#L57">57</a>  <em class="jxr_comment">    |       |       |   |   |   |--COMMENT_CONTENT -&gt;  Here is a multi-line\r\n\t\t\t   (with embedded'\t'tab)\r\n\t    Comment  [6:17]</em>
<a class="jxr_linenumber" name="L58" href="#L58">58</a>  <em class="jxr_comment">    |       |       |   |   |   `--BLOCK_COMMENT_END -&gt; */</em> [8:13]
<a class="jxr_linenumber" name="L59" href="#L59">59</a>      |       |       |   |   `--LITERAL_CHAR -&gt; <strong class="jxr_keyword">char</strong> [8:15]
<a class="jxr_linenumber" name="L60" href="#L60">60</a>      |       |       |   |--IDENT -&gt; mychar [8:20]
<a class="jxr_linenumber" name="L61" href="#L61">61</a>      |       |       |   `--ASSIGN -&gt; = [8:27]
<a class="jxr_linenumber" name="L62" href="#L62">62</a>      |       |       |       `--EXPR -&gt; EXPR [8:29]
<a class="jxr_linenumber" name="L63" href="#L63">63</a>      |       |       |           `--CHAR_LITERAL -&gt; '\t' [8:29]
<a class="jxr_linenumber" name="L64" href="#L64">64</a>      |       |       |--SEMI -&gt; ; [8:32]
<a class="jxr_linenumber" name="L65" href="#L65">65</a>      |       |       |--SINGLE_LINE_COMMENT -&gt; <em class="jxr_comment">// [8:34]</em>
<a class="jxr_linenumber" name="L66" href="#L66">66</a>      |       |       |   `--COMMENT_CONTENT -&gt; &lt;-tab-&gt;\t&lt;-\r\n [8:36]
<a class="jxr_linenumber" name="L67" href="#L67">67</a>      |       |       `--RCURLY -&gt; } [9:1]
<a class="jxr_linenumber" name="L68" href="#L68">68</a>      |       |--SINGLE_LINE_COMMENT -&gt; <em class="jxr_comment">// [9:3]</em>
<a class="jxr_linenumber" name="L69" href="#L69">69</a>      |       |   `--COMMENT_CONTENT -&gt;  end of <strong class="jxr_keyword">if</strong> (mybool)\r\n [9:5]
<a class="jxr_linenumber" name="L70" href="#L70">70</a>      |       `--RCURLY -&gt; } [11:4]
<a class="jxr_linenumber" name="L71" href="#L71">71</a>      |--SINGLE_LINE_COMMENT -&gt; <em class="jxr_comment">// [11:6]</em>
<a class="jxr_linenumber" name="L72" href="#L72">72</a>      |   `--COMMENT_CONTENT -&gt;  end of main ()\r\n [11:8]
<a class="jxr_linenumber" name="L73" href="#L73">73</a>      `--RCURLY -&gt; } [12:0]
</pre>
<hr/>
<div id="footer"></div>
</body>
</html>
