<!DOCTYPE html PUBLIC "-//W3C//DTD XHTML 1.0 Transitional//EN" "http://www.w3.org/TR/xhtml1/DTD/xhtml1-transitional.dtd">
<html xmlns="http://www.w3.org/1999/xhtml" xml:lang="en" lang="en">
<head><meta http-equiv="content-type" content="text/html; charset=UTF-8" />
<title>/home/nick/development/contribution/checkstyle-tester/reports/savemaster/apache-ant/src/etc/testcases/taskdefs/fixcrlf/expected/Junk5.tree xref</title>
<link type="text/css" rel="stylesheet" href="../stylesheet.css" />
</head>
<body>
<pre>
<a class="jxr_linenumber" name="L1" href="#L1">1</a>   com.puppycrawl.tools.checkstyle.api.CheckstyleException: TokenStreamRecognitionException occurred <strong class="jxr_keyword">while</strong> parsing file /home/nick/development/contribution/checkstyle-tester/repositories/apache-ant/src/etc/testcases/taskdefs/fixcrlf/expected/Junk5.java.
<a class="jxr_linenumber" name="L2" href="#L2">2</a>   	at com.puppycrawl.tools.checkstyle.JavaParser.parse(JavaParser.java:120)
<a class="jxr_linenumber" name="L3" href="#L3">3</a>   	at com.puppycrawl.tools.checkstyle.JavaParser.parseFileText(JavaParser.java:137)
<a class="jxr_linenumber" name="L4" href="#L4">4</a>   	at com.puppycrawl.tools.checkstyle.JavaParser.parseFile(JavaParser.java:157)
<a class="jxr_linenumber" name="L5" href="#L5">5</a>   	at com.puppycrawl.tools.checkstyle.AstTreeStringPrinter.printJavaAndJavadocTree(AstTreeStringPrinter.java:78)
<a class="jxr_linenumber" name="L6" href="#L6">6</a>   	at com.puppycrawl.tools.checkstyle.Main.runCli(Main.java:306)
<a class="jxr_linenumber" name="L7" href="#L7">7</a>   	at com.puppycrawl.tools.checkstyle.Main.execute(Main.java:191)
<a class="jxr_linenumber" name="L8" href="#L8">8</a>   	at com.puppycrawl.tools.checkstyle.Main.main(Main.java:126)
<a class="jxr_linenumber" name="L9" href="#L9">9</a>   Caused by: line 8:39: expecting ''', found ' '
<a class="jxr_linenumber" name="L10" href="#L10">10</a>  	at com.puppycrawl.tools.checkstyle.grammar.GeneratedJavaLexer.nextToken(GeneratedJavaLexer.java:416)
<a class="jxr_linenumber" name="L11" href="#L11">11</a>  	at antlr.TokenStreamHiddenTokenFilter.consume(TokenStreamHiddenTokenFilter.java:38)
<a class="jxr_linenumber" name="L12" href="#L12">12</a>  	at antlr.TokenStreamHiddenTokenFilter.nextToken(TokenStreamHiddenTokenFilter.java:134)
<a class="jxr_linenumber" name="L13" href="#L13">13</a>  	at antlr.TokenStreamSelector.nextToken(TokenStreamSelector.java:65)
<a class="jxr_linenumber" name="L14" href="#L14">14</a>  	at antlr.TokenBuffer.fill(TokenBuffer.java:69)
<a class="jxr_linenumber" name="L15" href="#L15">15</a>  	at antlr.TokenBuffer.LA(TokenBuffer.java:80)
<a class="jxr_linenumber" name="L16" href="#L16">16</a>  	at antlr.LLkParser.LA(LLkParser.java:52)
<a class="jxr_linenumber" name="L17" href="#L17">17</a>  	at com.puppycrawl.tools.checkstyle.grammar.GeneratedJavaRecognizer.typeSpecBracketsAndAnnotationsNonGreedy(GeneratedJavaRecognizer.java:1728)
<a class="jxr_linenumber" name="L18" href="#L18">18</a>  	at com.puppycrawl.tools.checkstyle.grammar.GeneratedJavaRecognizer.variableDeclarator(GeneratedJavaRecognizer.java:5205)
<a class="jxr_linenumber" name="L19" href="#L19">19</a>  	at com.puppycrawl.tools.checkstyle.grammar.GeneratedJavaRecognizer.variableDefinitions(GeneratedJavaRecognizer.java:1849)
<a class="jxr_linenumber" name="L20" href="#L20">20</a>  	at com.puppycrawl.tools.checkstyle.grammar.GeneratedJavaRecognizer.declaration(GeneratedJavaRecognizer.java:1828)
<a class="jxr_linenumber" name="L21" href="#L21">21</a>  	at com.puppycrawl.tools.checkstyle.grammar.GeneratedJavaRecognizer.traditionalStatement(GeneratedJavaRecognizer.java:6086)
<a class="jxr_linenumber" name="L22" href="#L22">22</a>  	at com.puppycrawl.tools.checkstyle.grammar.GeneratedJavaRecognizer.statement(GeneratedJavaRecognizer.java:4978)
<a class="jxr_linenumber" name="L23" href="#L23">23</a>  	at com.puppycrawl.tools.checkstyle.grammar.GeneratedJavaRecognizer.compoundStatement(GeneratedJavaRecognizer.java:4704)
<a class="jxr_linenumber" name="L24" href="#L24">24</a>  	at com.puppycrawl.tools.checkstyle.grammar.GeneratedJavaRecognizer.traditionalStatement(GeneratedJavaRecognizer.java:5809)
<a class="jxr_linenumber" name="L25" href="#L25">25</a>  	at com.puppycrawl.tools.checkstyle.grammar.GeneratedJavaRecognizer.statement(GeneratedJavaRecognizer.java:4978)
<a class="jxr_linenumber" name="L26" href="#L26">26</a>  	at com.puppycrawl.tools.checkstyle.grammar.GeneratedJavaRecognizer.traditionalStatement(GeneratedJavaRecognizer.java:5830)
<a class="jxr_linenumber" name="L27" href="#L27">27</a>  	at com.puppycrawl.tools.checkstyle.grammar.GeneratedJavaRecognizer.statement(GeneratedJavaRecognizer.java:4978)
<a class="jxr_linenumber" name="L28" href="#L28">28</a>  	at com.puppycrawl.tools.checkstyle.grammar.GeneratedJavaRecognizer.compoundStatement(GeneratedJavaRecognizer.java:4704)
<a class="jxr_linenumber" name="L29" href="#L29">29</a>  	at com.puppycrawl.tools.checkstyle.grammar.GeneratedJavaRecognizer.field(GeneratedJavaRecognizer.java:3241)
<a class="jxr_linenumber" name="L30" href="#L30">30</a>  	at com.puppycrawl.tools.checkstyle.grammar.GeneratedJavaRecognizer.classBlock(GeneratedJavaRecognizer.java:3556)
<a class="jxr_linenumber" name="L31" href="#L31">31</a>  	at com.puppycrawl.tools.checkstyle.grammar.GeneratedJavaRecognizer.classDefinition(GeneratedJavaRecognizer.java:655)
<a class="jxr_linenumber" name="L32" href="#L32">32</a>  	at com.puppycrawl.tools.checkstyle.grammar.GeneratedJavaRecognizer.typeDefinitionInternal(GeneratedJavaRecognizer.java:566)
<a class="jxr_linenumber" name="L33" href="#L33">33</a>  	at com.puppycrawl.tools.checkstyle.grammar.GeneratedJavaRecognizer.typeDefinition(GeneratedJavaRecognizer.java:407)
<a class="jxr_linenumber" name="L34" href="#L34">34</a>  	at com.puppycrawl.tools.checkstyle.grammar.GeneratedJavaRecognizer.compilationUnit(GeneratedJavaRecognizer.java:212)
<a class="jxr_linenumber" name="L35" href="#L35">35</a>  	at com.puppycrawl.tools.checkstyle.JavaParser.parse(JavaParser.java:114)
<a class="jxr_linenumber" name="L36" href="#L36">36</a>  	... 6 more
<a class="jxr_linenumber" name="L37" href="#L37">37</a>  Checkstyle ends with 1 errors.
</pre>
<hr/>
<div id="footer"></div>
</body>
</html>
